root@snn2 ~]# fdisk /dev/sdb
Device contains neither a valid DOS partition table, nor Sun, SGI or OSF disklabel
Building a new DOS disklabel with disk identifier 0x763660b3.
Changes will remain in memory only, until you decide to write them.
After that, of course, the previous content won't be recoverable.
Warning: invalid flag 0x0000 of partition table 4 will be corrected by w(rite)
WARNING: DOS-compatible mode is deprecated. It's strongly recommended to
switch off the mode (command 'c') and change display units to
sectors (command 'u').

Command (m for help): m
Command action
a toggle a bootable flag
b edit bsd disklabel
c toggle the dos compatibility flag
d delete a partition
l list known partition types
m print this menu
n add a new partition
o create a new empty DOS partition table
p print the partition table
q quit without saving changes
s create a new empty Sun disklabel
t change a partition's system id
u change display/entry units
v verify the partition table
w write table to disk and exit
x extra functionality (experts only)

Command (m for help): n
Command action
e extended
p primary partition (1-4)
e
Partition number (1-4): 1
First cylinder (1-2088, default 1): 1
Last cylinder, +cylinders or +size{K,M,G} (1-2088, default 2088): 2088

Command (m for help): n
Command action
l logical (5 or over)
p primary partition (1-4)
l
First cylinder (1-2088, default 1): 1
Last cylinder, +cylinders or +size{K,M,G} (1-2088, default 2088): 2088

Command (m for help): w
The partition table has been altered!

Calling ioctl() to re-read partition table.
Syncing disks.
Installing file system:
[root@snn2 ~]# mkfs -t ext4 /dev/sdb5
mke2fs 1.41.12 (17-May-2010)
Filesystem label=
OS type: Linux
Block size=4096 (log=2)
Fragment size=4096 (log=2)
Stride=0 blocks, Stripe width=0 blocks
1048576 inodes, 4192949 blocks
209647 blocks (5.00%) reserved for the super user
First data block=0
Maximum filesystem blocks=4294967296
128 block groups
32768 blocks per group, 32768 fragments per group
8192 inodes per group
Superblock backups stored on blocks:
32768, 98304, 163840, 229376, 294912, 819200, 884736, 1605632, 2654208,
4096000
Writing inode tables: done
Creating journal (32768 blocks): done
Writing superblocks and filesystem accounting information: done
This filesystem will be automatically checked every 29 mounts or
180 days, whichever comes first. Use tune2fs -c or -i to override.
[root@snn2 ~]#
Mounting partition:
[root@snn2 ~]# mkdir -p /data/1 /data/2
[root@snn2 ~]# mount /dev/sdb5/ /data/2
Make these changes permanentÂ 
[root@nn ~]# vi /etc/fstab
/dev/sdb5 /data/1 ext4 defaults 0 0

[root@snn2 ~]# mount /dev/sdb5/ /data/3
mount: mount point /data/3 does not exist
[root@snn2 ~]#
[root@snn2 ~]# mkdir -p /data/3
[root@snn2 ~]# mount /dev/sdb5/ /data/3
[root@snn2 ~]# unmount /dev/sdb5 /data/2
-bash: unmount: command not found
[root@snn2 ~]#
[root@snn2 ~]# umount /dev/sdb5 /data/2
umount: /data/2: not mounted
[root@snn2 ~]#
[root@snn2 ~]# vi fstab
